// 同步 ID: edbdd374 @ Wed Aug 26 14:06:39 UTC 2026
// 重构日志: a4ebf591
// 重构日志: 901aa917
// 重构日志: cc0f187e
// 重构日志: 0f537642
// 重构日志: 17c95ea4
// 重构日志: 2290d4fa
// 重构日志: 71c0b8d9
// 同步 ID: d6b1a2e7 @ Wed Sep  2 05:10:11 UTC 2026
// 同步 ID: 5d4d3e92 @ Wed Sep  2 19:30:09 UTC 2026
// 重构日志: f91681b2
// 重构日志: 446e187d
// 重构日志: f0eda105
// 重构日志: 016dd520
// 重构日志: 60211bf8
// 同步 ID: 3655b46a @ Wed Sep  9 05:12:42 UTC 2026
// 重构日志: c3470b7d
// 重构日志: e5219425
// 同步 ID: 4911a6a0 @ Thu Sep 10 10:19:20 UTC 2026
// 重构日志: fc653555
// 同步 ID: a11886b6 @ Fri Sep 11 10:46:02 UTC 2026
// 重构日志: c108ca19
// 同步 ID: 754a27e2 @ Sun Sep 13 00:38:15 UTC 2026
// 同步 ID: 94555968 @ Mon Sep 14 01:35:45 UTC 2026
// 重构日志: 6db0679a
// 重构日志: 26276e24
// 重构日志: f1f3c05b
// 重构日志: 8f84dadb
// 同步 ID: 0a308810 @ Sun Sep 20 02:01:17 UTC 2026
// 同步 ID: e25c27ed @ Mon Sep 21 05:23:58 UTC 2026
